// Jest Snapshot v1, https://goo.gl/fbAQLP

exports[`FileReader Calculate hash of the files 1`] = `
Array [
  Object {
    "chunks": Array [
      Object {
        "data": Array [
          144,
          131,
          62,
          167,
          192,
          179,
          181,
          208,
          99,
          114,
          176,
          232,
          207,
          245,
          47,
          187,
          19,
          205,
          20,
          135,
          230,
          89,
          120,
          16,
          124,
          190,
          64,
          144,
          20,
          161,
          133,
          4,
        ],
        "type": "Buffer",
      },
    ],
    "path": Object {
      "data": Array [
        47,
        102,
        105,
        108,
        101,
        45,
        114,
        101,
        97,
        100,
        101,
        114,
        46,
        115,
        101,
        114,
        118,
        105,
        99,
        101,
        46,
        116,
        115,
      ],
      "type": "Buffer",
    },
    "sha256": Object {
      "data": Array [
        144,
        131,
        62,
        167,
        192,
        179,
        181,
        208,
        99,
        114,
        176,
        232,
        207,
        245,
        47,
        187,
        19,
        205,
        20,
        135,
        230,
        89,
        120,
        16,
        124,
        190,
        64,
        144,
        20,
        161,
        133,
        4,
      ],
      "type": "Buffer",
    },
    "stats": Object {
      "lastModified": Long {
        "high": 0,
        "low": 122,
        "unsigned": false,
      },
      "mode": Long {
        "high": 0,
        "low": 32768,
        "unsigned": false,
      },
      "size": Long {
        "high": 0,
        "low": 123,
        "unsigned": false,
      },
    },
  },
]
`;
