// Jest Snapshot v1, https://goo.gl/fbAQLP

exports[`FileReader Calculate hash of the files 1`] = `
Array [
  Object {
    "manifest": Object {
      "chunks": Array [
        Object {
          "data": Array [
            224,
            236,
            91,
            119,
            15,
            179,
            173,
            189,
            237,
            227,
            71,
            49,
            100,
            36,
            185,
            103,
            182,
            123,
            186,
            82,
            238,
            11,
            7,
            116,
            10,
            103,
            75,
            142,
            137,
            68,
            63,
            195,
          ],
          "type": "Buffer",
        },
      ],
      "path": Object {
        "data": Array [
          47,
          102,
          105,
          108,
          101,
          45,
          114,
          101,
          97,
          100,
          101,
          114,
          46,
          115,
          101,
          114,
          118,
          105,
          99,
          101,
          46,
          116,
          115,
        ],
        "type": "Buffer",
      },
      "sha256": Object {
        "data": Array [
          224,
          236,
          91,
          119,
          15,
          179,
          173,
          189,
          237,
          227,
          71,
          49,
          100,
          36,
          185,
          103,
          182,
          123,
          186,
          82,
          238,
          11,
          7,
          116,
          10,
          103,
          75,
          142,
          137,
          68,
          63,
          195,
        ],
        "type": "Buffer",
      },
      "stats": Object {
        "lastModified": Long {
          "high": 0,
          "low": 122,
          "unsigned": false,
        },
        "mode": Long {
          "high": 0,
          "low": 32768,
          "unsigned": false,
        },
        "size": Long {
          "high": 0,
          "low": 123,
          "unsigned": false,
        },
      },
    },
    "type": 1,
  },
]
`;
