// Jest Snapshot v1, https://goo.gl/fbAQLP

exports[`FileReader Calculate hash of the files 1`] = `
Array [
  Object {
    "manifest": Object {
      "chunks": Array [
        Object {
          "data": Array [
            17,
            18,
            245,
            27,
            213,
            27,
            188,
            176,
            136,
            235,
            142,
            68,
            201,
            58,
            195,
            206,
            162,
            199,
            89,
            197,
            56,
            253,
            161,
            43,
            22,
            228,
            121,
            14,
            243,
            254,
            36,
            62,
          ],
          "type": "Buffer",
        },
      ],
      "path": Object {
        "data": Array [
          47,
          102,
          105,
          108,
          101,
          45,
          114,
          101,
          97,
          100,
          101,
          114,
          46,
          115,
          101,
          114,
          118,
          105,
          99,
          101,
          46,
          116,
          115,
        ],
        "type": "Buffer",
      },
      "sha256": Object {
        "data": Array [
          17,
          18,
          245,
          27,
          213,
          27,
          188,
          176,
          136,
          235,
          142,
          68,
          201,
          58,
          195,
          206,
          162,
          199,
          89,
          197,
          56,
          253,
          161,
          43,
          22,
          228,
          121,
          14,
          243,
          254,
          36,
          62,
        ],
        "type": "Buffer",
      },
      "stats": Object {
        "lastModified": Long {
          "high": 0,
          "low": 122,
          "unsigned": false,
        },
        "mode": Long {
          "high": 0,
          "low": 32768,
          "unsigned": false,
        },
        "size": Long {
          "high": 0,
          "low": 123,
          "unsigned": false,
        },
      },
    },
    "type": 1,
  },
]
`;
