// Jest Snapshot v1, https://goo.gl/fbAQLP

exports[`IteratorUtil split should split an async iterable into multiple async iterables based on a predicate: resultArray 1`] = `
{
  "/etc": [
    {
      "header": undefined,
      "manifest": 5,
    },
    {
      "header": undefined,
      "manifest": 6,
    },
    {
      "header": undefined,
      "manifest": 7,
    },
    {
      "header": undefined,
      "manifest": 8,
    },
  ],
  "/home": [
    {
      "header": undefined,
      "manifest": 1,
    },
    {
      "header": undefined,
      "manifest": 2,
    },
    {
      "header": undefined,
      "manifest": 3,
    },
    {
      "header": undefined,
      "manifest": 4,
    },
  ],
}
`;

exports[`IteratorUtil split with multiple header: resultArray 1`] = `
{
  "file1": {
    "data": [
      "data1",
      "data2",
      "data3",
      "data4",
      "data5",
    ],
    "result": "ok",
  },
  "file2": {
    "data": [
      "data6",
      "data7",
    ],
    "result": "ok",
  },
  "file3": {
    "data": [],
    "result": "failed",
  },
  "file4": {
    "data": [
      "data8",
      "data9",
    ],
    "result": "ok",
  },
}
`;
