// Jest Snapshot v1, https://goo.gl/fbAQLP

exports[`QueueTasksService serializeBackupTask/deserializeBackupTask should serialize/deserialize: deserialized 1`] = `
{
  "config": undefined,
  "force": true,
  "host": "test-host",
  "ip": "192.168.1.10",
  "number": 43,
  "previousNumber": 42,
  "startDate": 1717233600000,
}
`;

exports[`QueueTasksService serializeBackupTask/deserializeBackupTask should serialize/deserialize: serialized 1`] = `
{
  "config": undefined,
  "force": true,
  "host": "test-host",
  "ip": "192.168.1.10",
  "number": 43,
  "previousNumber": 42,
  "startDate": 1717233600000,
}
`;
