// Jest Snapshot v1, https://goo.gl/fbAQLP

exports[`Backups File Controller should download zip file: append 1`] = `
[MockFunction] {
  "calls": [
    [
      "test",
      {
        "name": "test",
      },
    ],
  ],
  "results": [
    {
      "type": "return",
      "value": undefined,
    },
  ],
}
`;

exports[`Backups File Controller should download zip file: append 2`] = `
[MockFunction] {
  "calls": [
    [
      "test",
      {
        "name": "test",
      },
    ],
  ],
  "results": [
    {
      "type": "return",
      "value": undefined,
    },
  ],
}
`;

exports[`Backups File Controller should download zip file: res 1`] = `
EventEmitter {
  "_getBuffer": [Function],
  "_getChunks": [Function],
  "_getData": [Function],
  "_getHeaders": [Function],
  "_getJSONData": [Function],
  "_getLocals": [Function],
  "_getRedirectUrl": [Function],
  "_getRenderData": [Function],
  "_getRenderView": [Function],
  "_getStatusCode": [Function],
  "_getStatusMessage": [Function],
  "_headers": {
    "content-disposition": "attachment; filename="share_path.zip"",
    "content-type": "application/zip",
  },
  "_isDataLengthValid": [Function],
  "_isEndCalled": [Function],
  "_isJSON": [Function],
  "_isUTF8": [Function],
  "append": [Function],
  "appendHeader": [Function],
  "attachment": [Function],
  "clearCookie": [Function],
  "contentType": [Function],
  "cookie": [Function],
  "cookies": {},
  "destroy": [Function],
  "destroySoon": [Function],
  "end": [Function],
  "finished": false,
  "format": [Function],
  "get": [Function],
  "getEncoding": [Function],
  "getHeader": [Function],
  "getHeaderNames": [Function],
  "getHeaders": [Function],
  "hasHeader": [Function],
  "header": [Function],
  "headersSent": false,
  "json": [Function],
  "jsonp": [Function],
  "locals": {},
  "location": [Function],
  "redirect": [Function],
  "removeHeader": [Function],
  "render": [Function],
  "send": [Function],
  "sendStatus": [Function],
  "set": [Function],
  "setEncoding": [Function],
  "setHeader": [Function],
  "status": [Function],
  "statusCode": 200,
  "statusMessage": "OK",
  "type": [Function],
  "vary": [Function],
  "writableEnded": false,
  "writableFinished": false,
  "write": [Function],
  "writeHead": [Function],
}
`;

exports[`Backups File Controller should download zip file: res 2`] = `
EventEmitter {
  "_getBuffer": [Function],
  "_getChunks": [Function],
  "_getData": [Function],
  "_getHeaders": [Function],
  "_getJSONData": [Function],
  "_getLocals": [Function],
  "_getRedirectUrl": [Function],
  "_getRenderData": [Function],
  "_getRenderView": [Function],
  "_getStatusCode": [Function],
  "_getStatusMessage": [Function],
  "_headers": {
    "content-disposition": "attachment; filename="share_path.zip"",
    "content-type": "application/zip",
  },
  "_isDataLengthValid": [Function],
  "_isEndCalled": [Function],
  "_isJSON": [Function],
  "_isUTF8": [Function],
  "append": [Function],
  "appendHeader": [Function],
  "attachment": [Function],
  "clearCookie": [Function],
  "contentType": [Function],
  "cookie": [Function],
  "cookies": {},
  "destroy": [Function],
  "destroySoon": [Function],
  "end": [Function],
  "finished": false,
  "format": [Function],
  "get": [Function],
  "getEncoding": [Function],
  "getHeader": [Function],
  "getHeaderNames": [Function],
  "getHeaders": [Function],
  "hasHeader": [Function],
  "header": [Function],
  "headersSent": false,
  "json": [Function],
  "jsonp": [Function],
  "locals": {},
  "location": [Function],
  "redirect": [Function],
  "removeHeader": [Function],
  "render": [Function],
  "send": [Function],
  "sendStatus": [Function],
  "set": [Function],
  "setEncoding": [Function],
  "setHeader": [Function],
  "status": [Function],
  "statusCode": 200,
  "statusMessage": "OK",
  "type": [Function],
  "vary": [Function],
  "writableEnded": false,
  "writableFinished": false,
  "write": [Function],
  "writeHead": [Function],
}
`;
