// Jest Snapshot v1, https://goo.gl/fbAQLP

exports[`FileReader Calculate hash of the files 1`] = `
Array [
  Object {
    "manifest": Object {
      "chunks": Array [
        Object {
          "data": Array [
            236,
            163,
            52,
            126,
            118,
            227,
            216,
            199,
            158,
            37,
            224,
            206,
            117,
            136,
            197,
            107,
            100,
            57,
            237,
            87,
            182,
            24,
            73,
            76,
            189,
            196,
            68,
            108,
            26,
            46,
            53,
            23,
          ],
          "type": "Buffer",
        },
      ],
      "path": Object {
        "data": Array [
          47,
          102,
          105,
          108,
          101,
          45,
          114,
          101,
          97,
          100,
          101,
          114,
          46,
          115,
          101,
          114,
          118,
          105,
          99,
          101,
          46,
          116,
          115,
        ],
        "type": "Buffer",
      },
      "sha256": Object {
        "data": Array [
          236,
          163,
          52,
          126,
          118,
          227,
          216,
          199,
          158,
          37,
          224,
          206,
          117,
          136,
          197,
          107,
          100,
          57,
          237,
          87,
          182,
          24,
          73,
          76,
          189,
          196,
          68,
          108,
          26,
          46,
          53,
          23,
        ],
        "type": "Buffer",
      },
      "stats": Object {
        "lastModified": Long {
          "high": 0,
          "low": 122,
          "unsigned": false,
        },
        "mode": Long {
          "high": 0,
          "low": 32768,
          "unsigned": false,
        },
        "size": Long {
          "high": 0,
          "low": 123,
          "unsigned": false,
        },
      },
    },
    "type": 1,
  },
]
`;
