// Jest Snapshot v1, https://goo.gl/fbAQLP

exports[`FileReader Calculate hash of the files 1`] = `
[
  {
    "manifest": {
      "chunks": [
        {
          "data": [
            178,
            235,
            139,
            144,
            22,
            249,
            60,
            125,
            39,
            86,
            83,
            226,
            122,
            244,
            28,
            231,
            70,
            27,
            239,
            132,
            194,
            30,
            161,
            204,
            47,
            108,
            132,
            182,
            217,
            15,
            12,
            25,
          ],
          "type": "Buffer",
        },
      ],
      "path": {
        "data": [
          47,
          102,
          105,
          108,
          101,
          45,
          114,
          101,
          97,
          100,
          101,
          114,
          46,
          115,
          101,
          114,
          118,
          105,
          99,
          101,
          46,
          116,
          115,
        ],
        "type": "Buffer",
      },
      "sha256": {
        "data": [
          178,
          235,
          139,
          144,
          22,
          249,
          60,
          125,
          39,
          86,
          83,
          226,
          122,
          244,
          28,
          231,
          70,
          27,
          239,
          132,
          194,
          30,
          161,
          204,
          47,
          108,
          132,
          182,
          217,
          15,
          12,
          25,
        ],
        "type": "Buffer",
      },
      "stats": {
        "lastModified": Long {
          "high": 0,
          "low": 122,
          "unsigned": false,
        },
        "mode": Long {
          "high": 0,
          "low": 32768,
          "unsigned": false,
        },
        "size": Long {
          "high": 0,
          "low": 123,
          "unsigned": false,
        },
      },
    },
    "type": 1,
  },
]
`;
