// Jest Snapshot v1, https://goo.gl/fbAQLP

exports[`FileReader Calculate hash of the files 1`] = `
[
  {
    "manifest": {
      "chunks": [
        {
          "data": [
            198,
            154,
            172,
            179,
            183,
            36,
            240,
            8,
            79,
            236,
            119,
            16,
            175,
            248,
            161,
            50,
            153,
            242,
            255,
            97,
            77,
            142,
            182,
            153,
            69,
            211,
            153,
            81,
            53,
            63,
            187,
            39,
          ],
          "type": "Buffer",
        },
      ],
      "path": {
        "data": [
          47,
          102,
          105,
          108,
          101,
          45,
          114,
          101,
          97,
          100,
          101,
          114,
          46,
          115,
          101,
          114,
          118,
          105,
          99,
          101,
          46,
          116,
          115,
        ],
        "type": "Buffer",
      },
      "sha256": {
        "data": [
          198,
          154,
          172,
          179,
          183,
          36,
          240,
          8,
          79,
          236,
          119,
          16,
          175,
          248,
          161,
          50,
          153,
          242,
          255,
          97,
          77,
          142,
          182,
          153,
          69,
          211,
          153,
          81,
          53,
          63,
          187,
          39,
        ],
        "type": "Buffer",
      },
      "stats": {
        "lastModified": Long {
          "high": 0,
          "low": 122,
          "unsigned": false,
        },
        "mode": Long {
          "high": 0,
          "low": 32768,
          "unsigned": false,
        },
        "size": Long {
          "high": 0,
          "low": 123,
          "unsigned": false,
        },
      },
    },
    "type": 1,
  },
]
`;
